INFO:root:Program started
WARNING:root:Invalid password
ERROR:root:Connection failed
INFO:root:Program started
WARNING:root:Invalid password
ERROR:root:Connection failed
INFO:root:Application Started
2026-08-01 17:38:12,674 | INFO | Application Started
2026-08-01 17:38:19,494 | INFO | Application Started
2026-08-01 17:38:27,053 | INFO | Application Started
2026-08-01 17:45:15,180 | INFO | Application Started
2026-08-01 17:45:15,252 | INFO | Security Event
2026-08-01 17:45:41,094 | INFO | Application Started
2026-08-01 17:45:41,111 | INFO | Security Event
2026-08-01 17:46:34,979 | INFO | Application Started
2026-08-01 17:46:34,999 | INFO | Security Event
2026-08-01 17:46:35,737 | INFO | Application Started
2026-08-01 17:46:35,768 | INFO | Security Event
2026-08-01 17:46:36,629 | INFO | Application Started
2026-08-01 17:46:36,660 | INFO | Security Event
2026-08-01 17:46:36,950 | INFO | Application Started
2026-08-01 17:46:36,974 | INFO | Security Event
2026-08-01 17:46:37,153 | INFO | Application Started
2026-08-01 17:46:37,176 | INFO | Security Event
2026-08-01 17:46:37,528 | INFO | Application Started
2026-08-01 17:46:37,549 | INFO | Security Event
2026-08-01 17:46:37,732 | INFO | Application Started
2026-08-01 17:46:37,751 | INFO | Security Event
2026-08-01 17:46:38,098 | INFO | Application Started
2026-08-01 17:46:38,134 | INFO | Security Event
2026-08-01 17:46:38,426 | INFO | Application Started
2026-08-01 17:46:38,449 | INFO | Security Event
2026-08-01 17:46:38,777 | INFO | Application Started
2026-08-01 17:46:38,796 | INFO | Security Event
2026-08-01 17:46:39,155 | INFO | Application Started
2026-08-01 17:46:39,187 | INFO | Security Event
2026-08-01 17:46:39,491 | INFO | Application Started
2026-08-01 17:46:39,514 | INFO | Security Event
2026-08-01 17:46:39,842 | INFO | Application Started
2026-08-01 17:46:39,863 | INFO | Security Event
2026-08-01 17:46:40,177 | INFO | Application Started
2026-08-01 17:46:40,206 | INFO | Security Event
2026-08-01 17:46:40,484 | INFO | Application Started
2026-08-01 17:46:40,514 | INFO | Security Event
2026-08-01 17:46:40,821 | INFO | Application Started
2026-08-01 17:46:40,848 | INFO | Security Event
2026-08-01 17:46:41,147 | INFO | Application Started
2026-08-01 17:46:41,173 | INFO | Security Event
2026-08-01 17:46:41,397 | INFO | Application Started
2026-08-01 17:46:41,422 | INFO | Security Event
2026-08-01 17:48:13,114 | INFO | Application Started
2026-08-01 17:48:13,137 | INFO | Security Event
2026-08-01 17:48:13,137 | ERROR | Unexpected Error
Traceback (most recent call last):
  File "c:\Users\SAI MANIKANTA\Python_Learning\Day26\loggingexample.py", line 57, in <module>
    number = 10/0
             ~~^~
ZeroDivisionError: division by zero
2026-08-01 18:00:48,074 | INFO | Application Started
2026-08-01 18:00:48,150 | INFO | Security Event
2026-08-01 18:00:48,151 | ERROR | Unexpected Error
Traceback (most recent call last):
  File "c:\Users\SAI MANIKANTA\Python_Learning\Day26\loggingexample.py", line 57, in <module>
    number = 10/0
             ~~^~
ZeroDivisionError: division by zero
2026-08-01 18:01:06,396 | INFO | Application Started
